

 Start  Stop   Length Name                   Class
 00000H 016C3H 016C4H HACKCHIP_CODE          BC_CODE
 016D0H 016D0H 00000H HACKCHIP_IPLINE        BC_CODE
 016D0H 016D7H 00008H HACKCHIP_LNFILE        BC_CODE
 016E0H 016ECH 0000DH HACKCHIP_FNAME         BC_CODE
 016F0H 016F0H 00000H CSEG                   CODESG
 016F0H 016F0H 00000H SHELL                  CODESG
 016F0H 09C9AH 085ABH CODE                   CODE
 09CA0H 0A0EFH 00450H BC_ICN_CODE            INIT_CODE
 0A0F0H 0A0F2H 00003H BC_IDS_CODE            INIT_CODE
 0A100H 0A677H 00578H INIT_CODE              INIT_CODE
 0A680H 0A680H 00000H DSEG                   DATASG
 0A680H 0A680H 00000H ULSEG                  DATASG
 0A680H 0A680H 00000H COMMON                 BLANK
 0A680H 0A680H 00000H CONST                  CONST
 0A680H 0A680H 00000H DATA                   DATA
 0A680H 0A761H 000E2H _DATA                  DATA
 0A762H 0ACBBH 0055AH CONST                  DATA
 0ACBCH 0B3E1H 00726H _BSS                   DATA
 0B3E2H 0B48BH 000AAH BC_DATA                BC_VARS
 0B48CH 0B48CH 00000H BC_FT                  BC_SEGS
 0B490H 0B8DFH 00450H BC_CN                  BC_SEGS
 0B8E0H 0B8E2H 00003H BC_DS                  BC_SEGS
 0B8F0H 0BAEFH 00200H STACK                  STACK

 Origin   Group
 0A68:0   DGROUP

Program entry point at 0000:0030
